=== pixel-level diff OneStage vs OneStageNew at first tracked frame, view-index-0 cameras
  Fencing/v0 frame 1: 8 objs, differing px total=858 (max per obj 202), fg px OneStage=2063528
  Fencing/v0 frame 10: 8 objs, differing px total=1230 (max per obj 296), fg px OneStage=2059952
  Fencing/v0 frame 20: 8 objs, differing px total=4412 (max per obj 2291), fg px OneStage=2059754
  Barn/v0 frame 1: 30 objs, differing px total=3949 (max per obj 593), fg px OneStage=2032420
  Barn/v0 frame 10: 30 objs, differing px total=29577 (max per obj 16577), fg px OneStage=2021158
  Barn/v0 frame 20: 30 objs, differing px total=16504 (max per obj 6527), fg px OneStage=2026441
  Welder/camera_0001 frame 1: 16 objs, differing px total=16513 (max per obj 9377), fg px OneStage=4890593
  Welder/camera_0001 frame 10: 16 objs, differing px total=22679 (max per obj 10880), fg px OneStage=4877641
  Welder/camera_0001 frame 20: 15 objs, differing px total=7151 (max per obj 1568), fg px OneStage=4880246
  Carpark/v0 frame 1: 22 objs, differing px total=1660 (max per obj 374), fg px OneStage=2077482
  Carpark/v0 frame 10: 22 objs, differing px total=4204 (max per obj 2629), fg px OneStage=2071725
  Carpark/v0 frame 20: 22 objs, differing px total=10618 (max per obj 5706), fg px OneStage=2070092
=== GT coverage: objects scored per camera vs objects present in the reference seed frame
AlexaMeadeFacePaint  ref=camera_0008 maxid=14 ids_in_ref_seed=11 -> camera_0007: 12 objs, 3 not in ref seed (63 nonempty pairs->J=0 structurally), 0/252 (obj,frame) pairs GT-empty camera_0008: 11 objs, 0 not in ref seed (0 nonempty pairs->J=0 structurally), 0/231 (obj,frame) pairs GT-empty camera_0009: 10 objs, 2 not in ref seed (42 nonempty pairs->J=0 structurally), 0/210 (obj,frame) pairs GT-empty
Barn                 ref=v0 maxid=30 ids_in_ref_seed=30 -> v0: 30 objs, 0 not in ref seed (0 nonempty pairs->J=0 structurally), 0/630 (obj,frame) pairs GT-empty v7: 30 objs, 0 not in ref seed (0 nonempty pairs->J=0 structurally), 0/630 (obj,frame) pairs GT-empty v10: 30 objs, 0 not in ref seed (0 nonempty pairs->J=0 structurally), 0/630 (obj,frame) pairs GT-empty
Blocks               ref=cam9 maxid=22 ids_in_ref_seed=15 -> cam0: 20 objs, 7 not in ref seed (143 nonempty pairs->J=0 structurally), 4/420 (obj,frame) pairs GT-empty cam4: 16 objs, 2 not in ref seed (41 nonempty pairs->J=0 structurally), 1/336 (obj,frame) pairs GT-empty cam9: 16 objs, 1 not in ref seed (19 nonempty pairs->J=0 structurally), 2/336 (obj,frame) pairs GT-empty
Breakfast            ref=v5 maxid=30 ids_in_ref_seed=28 -> v5: 29 objs, 1 not in ref seed (15 nonempty pairs->J=0 structurally), 41/609 (obj,frame) pairs GT-empty v7: 29 objs, 2 not in ref seed (36 nonempty pairs->J=0 structurally), 15/609 (obj,frame) pairs GT-empty v9: 27 objs, 2 not in ref seed (35 nonempty pairs->J=0 structurally), 39/567 (obj,frame) pairs GT-empty
Carpark              ref=v0 maxid=22 ids_in_ref_seed=22 -> v0: 22 objs, 0 not in ref seed (0 nonempty pairs->J=0 structurally), 0/462 (obj,frame) pairs GT-empty v4: 22 objs, 0 not in ref seed (0 nonempty pairs->J=0 structurally), 0/462 (obj,frame) pairs GT-empty v8: 22 objs, 0 not in ref seed (0 nonempty pairs->J=0 structurally), 0/462 (obj,frame) pairs GT-empty
Dog                  ref=camera_0003 maxid=9 ids_in_ref_seed=9 -> camera_0002: 7 objs, 0 not in ref seed (0 nonempty pairs->J=0 structurally), 0/147 (obj,frame) pairs GT-empty camera_0003: 9 objs, 0 not in ref seed (0 nonempty pairs->J=0 structurally), 0/189 (obj,frame) pairs GT-empty camera_0004: 7 objs, 0 not in ref seed (0 nonempty pairs->J=0 structurally), 0/147 (obj,frame) pairs GT-empty
Fencing              ref=v0 maxid=8 ids_in_ref_seed=8 -> v0: 8 objs, 0 not in ref seed (0 nonempty pairs->J=0 structurally), 0/168 (obj,frame) pairs GT-empty v4: 8 objs, 0 not in ref seed (0 nonempty pairs->J=0 structurally), 0/168 (obj,frame) pairs GT-empty v9: 8 objs, 0 not in ref seed (0 nonempty pairs->J=0 structurally), 0/168 (obj,frame) pairs GT-empty
Frog                 ref=v4 maxid=5 ids_in_ref_seed=5 -> v4: 5 objs, 0 not in ref seed (0 nonempty pairs->J=0 structurally), 0/105 (obj,frame) pairs GT-empty v7: 5 objs, 0 not in ref seed (0 nonempty pairs->J=0 structurally), 0/105 (obj,frame) pairs GT-empty v10: 5 objs, 0 not in ref seed (0 nonempty pairs->J=0 structurally), 0/105 (obj,frame) pairs GT-empty
MATF                 ref=S1_CAM_1 maxid=44 ids_in_ref_seed=31 -> S1_CAM_1: 33 objs, 2 not in ref seed (36 nonempty pairs->J=0 structurally), 6/693 (obj,frame) pairs GT-empty S1_CAM_4: 33 objs, 11 not in ref seed (231 nonempty pairs->J=0 structurally), 0/693 (obj,frame) pairs GT-empty S1_CAM_10: 11 objs, 5 not in ref seed (105 nonempty pairs->J=0 structurally), 0/231 (obj,frame) pairs GT-empty
Painter              ref=v15 maxid=28 ids_in_ref_seed=25 -> v0: 25 objs, 1 not in ref seed (21 nonempty pairs->J=0 structurally), 14/525 (obj,frame) pairs GT-empty v6: 26 objs, 2 not in ref seed (39 nonempty pairs->J=0 structurally), 17/546 (obj,frame) pairs GT-empty v15: 27 objs, 2 not in ref seed (39 nonempty pairs->J=0 structurally), 18/567 (obj,frame) pairs GT-empty
PoznanStreet         ref=v0 maxid=24 ids_in_ref_seed=23 -> v0: 23 objs, 0 not in ref seed (0 nonempty pairs->J=0 structurally), 11/483 (obj,frame) pairs GT-empty v4: 24 objs, 1 not in ref seed (21 nonempty pairs->J=0 structurally), 13/504 (obj,frame) pairs GT-empty v8: 24 objs, 1 not in ref seed (21 nonempty pairs->J=0 structurally), 14/504 (obj,frame) pairs GT-empty
Welder               ref=camera_0001 maxid=16 ids_in_ref_seed=16 -> camera_0001: 16 objs, 0 not in ref seed (0 nonempty pairs->J=0 structurally), 3/336 (obj,frame) pairs GT-empty camera_0003: 16 objs, 0 not in ref seed (0 nonempty pairs->J=0 structurally), 0/336 (obj,frame) pairs GT-empty camera_0004: 15 objs, 0 not in ref seed (0 nonempty pairs->J=0 structurally), 0/315 (obj,frame) pairs GT-empty
AlexaMeadeExhibit    ref=camera_0001 maxid=33 ids_in_ref_seed=33 -> camera_0001: 33 objs, 0 not in ref seed (0 nonempty pairs->J=0 structurally), 0/693 (obj,frame) pairs GT-empty camera_0003: 31 objs, 0 not in ref seed (0 nonempty pairs->J=0 structurally), 0/651 (obj,frame) pairs GT-empty camera_0004: 29 objs, 0 not in ref seed (0 nonempty pairs->J=0 structurally), 0/609 (obj,frame) pairs GT-empty
CoffeeMartini        ref=cam02 maxid=66 ids_in_ref_seed=58 -> cam02: 58 objs, 0 not in ref seed (0 nonempty pairs->J=0 structurally), 0/1218 (obj,frame) pairs GT-empty cam10: 35 objs, 6 not in ref seed (126 nonempty pairs->J=0 structurally), 0/735 (obj,frame) pairs GT-empty cam16: 50 objs, 7 not in ref seed (147 nonempty pairs->J=0 structurally), 0/1050 (obj,frame) pairs GT-empty
FlameSteak           ref=cam10 maxid=68 ids_in_ref_seed=53 -> cam01: 31 objs, 13 not in ref seed (273 nonempty pairs->J=0 structurally), 0/651 (obj,frame) pairs GT-empty cam10: 53 objs, 0 not in ref seed (0 nonempty pairs->J=0 structurally), 0/1113 (obj,frame) pairs GT-empty cam16: 50 objs, 6 not in ref seed (126 nonempty pairs->J=0 structurally), 0/1050 (obj,frame) pairs GT-empty
TOTAL (15 ds): 21651 (obj,frame) pairs; structurally-zero nonempty pairs=1579 (7.3%); GT-empty pairs=198 (0.9%)
