=== seed frame (first scored frame) J/F vs remaining 20 frames, per scored camera (ref marked *)
AlexaMeadeFacePaint  camera_0007     skNew1: J0=0.661 F0=0.689 | J1-20=0.667 F1-20=0.687 | gtEmpty 0/252 bothEmpty 0 | J(nonempty gt)=0.667  eStage: J0=0.662 F0=0.683 | J1-20=0.659 F1-20=0.685 | gtEmpty 0/252 bothEmpty 0 | J(nonempty gt)=0.659  ageNew: J0=0.662 F0=0.683 | J1-20=0.659 F1-20=0.685 | gtEmpty 0/252 bothEmpty 0 | J(nonempty gt)=0.659
AlexaMeadeFacePaint  camera_0008  *  skNew1: J0=0.980 F0=0.994 | J1-20=0.950 F1-20=0.988 | gtEmpty 0/231 bothEmpty 0 | J(nonempty gt)=0.952  eStage: J0=0.983 F0=0.994 | J1-20=0.951 F1-20=0.990 | gtEmpty 0/231 bothEmpty 0 | J(nonempty gt)=0.952  ageNew: J0=0.983 F0=0.994 | J1-20=0.951 F1-20=0.989 | gtEmpty 0/231 bothEmpty 0 | J(nonempty gt)=0.952
AlexaMeadeFacePaint  camera_0009     skNew1: J0=0.695 F0=0.693 | J1-20=0.712 F1-20=0.709 | gtEmpty 0/210 bothEmpty 0 | J(nonempty gt)=0.711  eStage: J0=0.727 F0=0.750 | J1-20=0.730 F1-20=0.753 | gtEmpty 0/210 bothEmpty 0 | J(nonempty gt)=0.730  ageNew: J0=0.727 F0=0.750 | J1-20=0.731 F1-20=0.753 | gtEmpty 0/210 bothEmpty 0 | J(nonempty gt)=0.731
Barn                 v0           *  skNew1: J0=0.940 F0=0.990 | J1-20=0.903 F1-20=0.977 | gtEmpty 0/630 bothEmpty 0 | J(nonempty gt)=0.904  eStage: J0=0.955 F0=0.993 | J1-20=0.889 F1-20=0.975 | gtEmpty 0/630 bothEmpty 0 | J(nonempty gt)=0.892  ageNew: J0=0.955 F0=0.993 | J1-20=0.889 F1-20=0.976 | gtEmpty 0/630 bothEmpty 0 | J(nonempty gt)=0.892
Barn                 v7              skNew1: J0=0.744 F0=0.842 | J1-20=0.738 F1-20=0.831 | gtEmpty 0/630 bothEmpty 0 | J(nonempty gt)=0.738  eStage: J0=0.798 F0=0.911 | J1-20=0.790 F1-20=0.893 | gtEmpty 0/630 bothEmpty 0 | J(nonempty gt)=0.791  ageNew: J0=0.798 F0=0.911 | J1-20=0.790 F1-20=0.897 | gtEmpty 0/630 bothEmpty 0 | J(nonempty gt)=0.790
Barn                 v10             skNew1: J0=0.775 F0=0.908 | J1-20=0.781 F1-20=0.909 | gtEmpty 0/630 bothEmpty 0 | J(nonempty gt)=0.781  eStage: J0=0.820 F0=0.943 | J1-20=0.824 F1-20=0.938 | gtEmpty 0/630 bothEmpty 0 | J(nonempty gt)=0.824  ageNew: J0=0.820 F0=0.943 | J1-20=0.824 F1-20=0.938 | gtEmpty 0/630 bothEmpty 0 | J(nonempty gt)=0.824
Blocks               cam0            skNew1: J0=0.565 F0=0.581 | J1-20=0.568 F1-20=0.592 | gtEmpty 4/420 bothEmpty 4 | J(nonempty gt)=0.564  eStage: J0=0.546 F0=0.594 | J1-20=0.577 F1-20=0.603 | gtEmpty 4/420 bothEmpty 4 | J(nonempty gt)=0.571  ageNew: J0=0.546 F0=0.594 | J1-20=0.577 F1-20=0.602 | gtEmpty 4/420 bothEmpty 4 | J(nonempty gt)=0.571
Blocks               cam4            skNew1: J0=0.800 F0=0.832 | J1-20=0.768 F1-20=0.823 | gtEmpty 1/336 bothEmpty 1 | J(nonempty gt)=0.769  eStage: J0=0.774 F0=0.844 | J1-20=0.772 F1-20=0.812 | gtEmpty 1/336 bothEmpty 1 | J(nonempty gt)=0.771  ageNew: J0=0.774 F0=0.844 | J1-20=0.772 F1-20=0.811 | gtEmpty 1/336 bothEmpty 1 | J(nonempty gt)=0.771
Blocks               cam9         *  skNew1: J0=0.974 F0=0.991 | J1-20=0.890 F1-20=0.928 | gtEmpty 2/336 bothEmpty 2 | J(nonempty gt)=0.894  eStage: J0=0.980 F0=0.991 | J1-20=0.871 F1-20=0.928 | gtEmpty 2/336 bothEmpty 2 | J(nonempty gt)=0.875  ageNew: J0=0.980 F0=0.991 | J1-20=0.867 F1-20=0.929 | gtEmpty 2/336 bothEmpty 2 | J(nonempty gt)=0.872
Breakfast            v5           *  skNew1: J0=0.814 F0=0.855 | J1-20=0.742 F1-20=0.802 | gtEmpty 41/609 bothEmpty 39 | J(nonempty gt)=0.730  eStage: J0=0.843 F0=0.889 | J1-20=0.749 F1-20=0.829 | gtEmpty 41/609 bothEmpty 31 | J(nonempty gt)=0.754  ageNew: J0=0.843 F0=0.889 | J1-20=0.749 F1-20=0.824 | gtEmpty 41/609 bothEmpty 31 | J(nonempty gt)=0.753
Breakfast            v7              skNew1: J0=0.734 F0=0.799 | J1-20=0.642 F1-20=0.718 | gtEmpty 15/609 bothEmpty 15 | J(nonempty gt)=0.638  eStage: J0=0.766 F0=0.856 | J1-20=0.683 F1-20=0.779 | gtEmpty 15/609 bothEmpty 13 | J(nonempty gt)=0.683  ageNew: J0=0.766 F0=0.856 | J1-20=0.681 F1-20=0.780 | gtEmpty 15/609 bothEmpty 12 | J(nonempty gt)=0.682
Breakfast            v9              skNew1: J0=0.689 F0=0.784 | J1-20=0.635 F1-20=0.720 | gtEmpty 39/567 bothEmpty 39 | J(nonempty gt)=0.610  eStage: J0=0.674 F0=0.791 | J1-20=0.646 F1-20=0.740 | gtEmpty 39/567 bothEmpty 39 | J(nonempty gt)=0.621  ageNew: J0=0.674 F0=0.791 | J1-20=0.650 F1-20=0.744 | gtEmpty 39/567 bothEmpty 39 | J(nonempty gt)=0.625
Carpark              v0           *  skNew1: J0=0.962 F0=0.985 | J1-20=0.913 F1-20=0.978 | gtEmpty 0/462 bothEmpty 0 | J(nonempty gt)=0.916  eStage: J0=0.971 F0=0.992 | J1-20=0.916 F1-20=0.985 | gtEmpty 0/462 bothEmpty 0 | J(nonempty gt)=0.918  ageNew: J0=0.971 F0=0.992 | J1-20=0.916 F1-20=0.985 | gtEmpty 0/462 bothEmpty 0 | J(nonempty gt)=0.919
Carpark              v4              skNew1: J0=0.913 F0=0.981 | J1-20=0.896 F1-20=0.977 | gtEmpty 0/462 bothEmpty 0 | J(nonempty gt)=0.897  eStage: J0=0.917 F0=0.986 | J1-20=0.891 F1-20=0.981 | gtEmpty 0/462 bothEmpty 0 | J(nonempty gt)=0.892  ageNew: J0=0.917 F0=0.986 | J1-20=0.890 F1-20=0.981 | gtEmpty 0/462 bothEmpty 0 | J(nonempty gt)=0.892
Carpark              v8              skNew1: J0=0.922 F0=0.988 | J1-20=0.895 F1-20=0.985 | gtEmpty 0/462 bothEmpty 0 | J(nonempty gt)=0.897  eStage: J0=0.919 F0=0.990 | J1-20=0.900 F1-20=0.985 | gtEmpty 0/462 bothEmpty 0 | J(nonempty gt)=0.901  ageNew: J0=0.919 F0=0.990 | J1-20=0.898 F1-20=0.985 | gtEmpty 0/462 bothEmpty 0 | J(nonempty gt)=0.899
Dog                  camera_0002     skNew1: J0=0.901 F0=0.919 | J1-20=0.909 F1-20=0.920 | gtEmpty 0/147 bothEmpty 0 | J(nonempty gt)=0.909  eStage: J0=0.917 F0=0.921 | J1-20=0.922 F1-20=0.922 | gtEmpty 0/147 bothEmpty 0 | J(nonempty gt)=0.922  ageNew: J0=0.917 F0=0.921 | J1-20=0.922 F1-20=0.921 | gtEmpty 0/147 bothEmpty 0 | J(nonempty gt)=0.922
Dog                  camera_0003  *  skNew1: J0=0.975 F0=0.984 | J1-20=0.931 F1-20=0.970 | gtEmpty 0/189 bothEmpty 0 | J(nonempty gt)=0.933  eStage: J0=0.977 F0=0.986 | J1-20=0.941 F1-20=0.976 | gtEmpty 0/189 bothEmpty 0 | J(nonempty gt)=0.943  ageNew: J0=0.977 F0=0.986 | J1-20=0.941 F1-20=0.976 | gtEmpty 0/189 bothEmpty 0 | J(nonempty gt)=0.942
Dog                  camera_0004     skNew1: J0=0.871 F0=0.817 | J1-20=0.872 F1-20=0.814 | gtEmpty 0/147 bothEmpty 0 | J(nonempty gt)=0.872  eStage: J0=0.893 F0=0.887 | J1-20=0.885 F1-20=0.876 | gtEmpty 0/147 bothEmpty 0 | J(nonempty gt)=0.885  ageNew: J0=0.893 F0=0.887 | J1-20=0.887 F1-20=0.874 | gtEmpty 0/147 bothEmpty 0 | J(nonempty gt)=0.888
Fencing              v0           *  skNew1: J0=0.956 F0=0.998 | J1-20=0.890 F1-20=0.987 | gtEmpty 0/168 bothEmpty 0 | J(nonempty gt)=0.893  eStage: J0=0.971 F0=0.998 | J1-20=0.794 F1-20=0.924 | gtEmpty 0/168 bothEmpty 0 | J(nonempty gt)=0.802  ageNew: J0=0.971 F0=0.998 | J1-20=0.792 F1-20=0.920 | gtEmpty 0/168 bothEmpty 0 | J(nonempty gt)=0.801
Fencing              v4              skNew1: J0=0.907 F0=0.997 | J1-20=0.892 F1-20=0.990 | gtEmpty 0/168 bothEmpty 0 | J(nonempty gt)=0.893  eStage: J0=0.905 F0=0.996 | J1-20=0.900 F1-20=0.993 | gtEmpty 0/168 bothEmpty 0 | J(nonempty gt)=0.900  ageNew: J0=0.905 F0=0.996 | J1-20=0.901 F1-20=0.992 | gtEmpty 0/168 bothEmpty 0 | J(nonempty gt)=0.901
Fencing              v9              skNew1: J0=0.850 F0=0.987 | J1-20=0.857 F1-20=0.971 | gtEmpty 0/168 bothEmpty 0 | J(nonempty gt)=0.857  eStage: J0=0.868 F0=0.990 | J1-20=0.797 F1-20=0.889 | gtEmpty 0/168 bothEmpty 0 | J(nonempty gt)=0.801  ageNew: J0=0.868 F0=0.990 | J1-20=0.866 F1-20=0.983 | gtEmpty 0/168 bothEmpty 0 | J(nonempty gt)=0.867
Frog                 v4           *  skNew1: J0=0.997 F0=0.999 | J1-20=0.973 F1-20=0.976 | gtEmpty 0/105 bothEmpty 0 | J(nonempty gt)=0.975  eStage: J0=0.998 F0=0.999 | J1-20=0.974 F1-20=0.974 | gtEmpty 0/105 bothEmpty 0 | J(nonempty gt)=0.975  ageNew: J0=0.998 F0=0.999 | J1-20=0.973 F1-20=0.974 | gtEmpty 0/105 bothEmpty 0 | J(nonempty gt)=0.974
Frog                 v7              skNew1: J0=0.976 F0=0.955 | J1-20=0.972 F1-20=0.971 | gtEmpty 0/105 bothEmpty 0 | J(nonempty gt)=0.972  eStage: J0=0.979 F0=0.969 | J1-20=0.974 F1-20=0.974 | gtEmpty 0/105 bothEmpty 0 | J(nonempty gt)=0.974  ageNew: J0=0.979 F0=0.969 | J1-20=0.973 F1-20=0.973 | gtEmpty 0/105 bothEmpty 0 | J(nonempty gt)=0.973
Frog                 v10             skNew1: J0=0.984 F0=0.988 | J1-20=0.974 F1-20=0.983 | gtEmpty 0/105 bothEmpty 0 | J(nonempty gt)=0.975  eStage: J0=0.985 F0=0.985 | J1-20=0.974 F1-20=0.979 | gtEmpty 0/105 bothEmpty 0 | J(nonempty gt)=0.974  ageNew: J0=0.985 F0=0.985 | J1-20=0.973 F1-20=0.977 | gtEmpty 0/105 bothEmpty 0 | J(nonempty gt)=0.974
MATF                 S1_CAM_1     *  skNew1: J0=0.921 F0=0.993 | J1-20=0.816 F1-20=0.915 | gtEmpty 6/693 bothEmpty 6 | J(nonempty gt)=0.819  eStage: J0=0.945 F0=0.994 | J1-20=0.825 F1-20=0.927 | gtEmpty 6/693 bothEmpty 6 | J(nonempty gt)=0.829  ageNew: J0=0.945 F0=0.994 | J1-20=0.826 F1-20=0.926 | gtEmpty 6/693 bothEmpty 6 | J(nonempty gt)=0.830
MATF                 S1_CAM_4        skNew1: J0=0.520 F0=0.581 | J1-20=0.525 F1-20=0.587 | gtEmpty 0/693 bothEmpty 0 | J(nonempty gt)=0.525  eStage: J0=0.534 F0=0.604 | J1-20=0.532 F1-20=0.603 | gtEmpty 0/693 bothEmpty 0 | J(nonempty gt)=0.532  ageNew: J0=0.534 F0=0.604 | J1-20=0.531 F1-20=0.604 | gtEmpty 0/693 bothEmpty 0 | J(nonempty gt)=0.531
MATF                 S1_CAM_10       skNew1: J0=0.330 F0=0.430 | J1-20=0.327 F1-20=0.430 | gtEmpty 0/231 bothEmpty 0 | J(nonempty gt)=0.327  eStage: J0=0.388 F0=0.494 | J1-20=0.395 F1-20=0.492 | gtEmpty 0/231 bothEmpty 0 | J(nonempty gt)=0.395  ageNew: J0=0.388 F0=0.494 | J1-20=0.398 F1-20=0.493 | gtEmpty 0/231 bothEmpty 0 | J(nonempty gt)=0.397
Painter              v0              skNew1: J0=0.833 F0=0.879 | J1-20=0.845 F1-20=0.893 | gtEmpty 14/525 bothEmpty 14 | J(nonempty gt)=0.840  eStage: J0=0.832 F0=0.881 | J1-20=0.830 F1-20=0.882 | gtEmpty 14/525 bothEmpty 14 | J(nonempty gt)=0.826  ageNew: J0=0.832 F0=0.881 | J1-20=0.830 F1-20=0.882 | gtEmpty 14/525 bothEmpty 14 | J(nonempty gt)=0.825
Painter              v6              skNew1: J0=0.926 F0=0.962 | J1-20=0.842 F1-20=0.886 | gtEmpty 17/546 bothEmpty 17 | J(nonempty gt)=0.841  eStage: J0=0.924 F0=0.963 | J1-20=0.840 F1-20=0.887 | gtEmpty 17/546 bothEmpty 17 | J(nonempty gt)=0.839  ageNew: J0=0.924 F0=0.963 | J1-20=0.840 F1-20=0.888 | gtEmpty 17/546 bothEmpty 17 | J(nonempty gt)=0.839
Painter              v15          *  skNew1: J0=0.975 F0=0.979 | J1-20=0.854 F1-20=0.892 | gtEmpty 18/567 bothEmpty 18 | J(nonempty gt)=0.855  eStage: J0=0.982 F0=0.980 | J1-20=0.855 F1-20=0.896 | gtEmpty 18/567 bothEmpty 18 | J(nonempty gt)=0.856  ageNew: J0=0.982 F0=0.980 | J1-20=0.854 F1-20=0.896 | gtEmpty 18/567 bothEmpty 18 | J(nonempty gt)=0.855
PoznanStreet         v0           *  skNew1: J0=0.946 F0=0.990 | J1-20=0.860 F1-20=0.948 | gtEmpty 11/483 bothEmpty 11 | J(nonempty gt)=0.861  eStage: J0=0.959 F0=0.996 | J1-20=0.872 F1-20=0.967 | gtEmpty 11/483 bothEmpty 11 | J(nonempty gt)=0.874  ageNew: J0=0.959 F0=0.996 | J1-20=0.872 F1-20=0.967 | gtEmpty 11/483 bothEmpty 11 | J(nonempty gt)=0.874
PoznanStreet         v4              skNew1: J0=0.821 F0=0.905 | J1-20=0.812 F1-20=0.897 | gtEmpty 13/504 bothEmpty 13 | J(nonempty gt)=0.808  eStage: J0=0.840 F0=0.921 | J1-20=0.820 F1-20=0.903 | gtEmpty 13/504 bothEmpty 13 | J(nonempty gt)=0.816  ageNew: J0=0.840 F0=0.921 | J1-20=0.826 F1-20=0.911 | gtEmpty 13/504 bothEmpty 13 | J(nonempty gt)=0.822
PoznanStreet         v8              skNew1: J0=0.793 F0=0.889 | J1-20=0.787 F1-20=0.880 | gtEmpty 14/504 bothEmpty 14 | J(nonempty gt)=0.781  eStage: J0=0.806 F0=0.910 | J1-20=0.764 F1-20=0.863 | gtEmpty 14/504 bothEmpty 14 | J(nonempty gt)=0.760  ageNew: J0=0.806 F0=0.910 | J1-20=0.795 F1-20=0.897 | gtEmpty 14/504 bothEmpty 14 | J(nonempty gt)=0.789
Welder               camera_0001  *  skNew1: J0=0.975 F0=0.998 | J1-20=0.884 F1-20=0.961 | gtEmpty 3/336 bothEmpty 3 | J(nonempty gt)=0.887  eStage: J0=0.979 F0=0.998 | J1-20=0.875 F1-20=0.962 | gtEmpty 3/336 bothEmpty 3 | J(nonempty gt)=0.879  ageNew: J0=0.979 F0=0.998 | J1-20=0.875 F1-20=0.963 | gtEmpty 3/336 bothEmpty 3 | J(nonempty gt)=0.879
Welder               camera_0003     skNew1: J0=0.810 F0=0.858 | J1-20=0.819 F1-20=0.862 | gtEmpty 0/336 bothEmpty 0 | J(nonempty gt)=0.819  eStage: J0=0.815 F0=0.911 | J1-20=0.797 F1-20=0.903 | gtEmpty 0/336 bothEmpty 0 | J(nonempty gt)=0.798  ageNew: J0=0.815 F0=0.911 | J1-20=0.809 F1-20=0.905 | gtEmpty 0/336 bothEmpty 0 | J(nonempty gt)=0.809
Welder               camera_0004     skNew1: J0=0.858 F0=0.870 | J1-20=0.861 F1-20=0.872 | gtEmpty 0/315 bothEmpty 0 | J(nonempty gt)=0.861  eStage: J0=0.701 F0=0.816 | J1-20=0.707 F1-20=0.785 | gtEmpty 0/315 bothEmpty 0 | J(nonempty gt)=0.707  ageNew: J0=0.701 F0=0.816 | J1-20=0.707 F1-20=0.783 | gtEmpty 0/315 bothEmpty 0 | J(nonempty gt)=0.707
SegMaskNew1              mean over 36 cams: J0=0.8415 J1-20=0.8112 F0=0.8858 F1-20=0.8675 | ref cams: J0=0.9512 Jall=0.8870 J1-20=0.8838 | non-ref Jall=0.7754 | (obj,frame) pairs=13881 GT-empty=198 both-empty(credited 1.0)=196 | J&F cam-mean all=0.8405 nonempty-GT-only=0.8384
SegMaskSam3OneStage      mean over 36 cams: J0=0.8482 J1-20=0.8089 F0=0.9002 F1-20=0.8737 | ref cams: J0=0.9619 Jall=0.8800 J1-20=0.8759 | non-ref Jall=0.7761 | (obj,frame) pairs=13881 GT-empty=198 both-empty(credited 1.0)=186 | J&F cam-mean all=0.8429 nonempty-GT-only=0.8414
SegMaskSam3OneStageNew   mean over 36 cams: J0=0.8482 J1-20=0.8120 F0=0.9002 F1-20=0.8773 | ref cams: J0=0.9619 Jall=0.8795 J1-20=0.8754 | non-ref Jall=0.7809 | (obj,frame) pairs=13881 GT-empty=198 both-empty(credited 1.0)=185 | J&F cam-mean all=0.8461 nonempty-GT-only=0.8447
=== per-frame J delta OneStageNew-OneStage on view-index-0 cameras (no cross-view memory), frames 0..20
  Barn/v0: +0.000 -0.001 -0.000 +0.003 -0.002 -0.000 +0.000 +0.000 +0.000 +0.001 -0.001 +0.003 +0.000 +0.004 -0.001 +0.005 -0.013 -0.001 -0.000 -0.001 +0.001  | max|dJ| per (obj,frame)=0.432
  Blocks/cam0: +0.000 +0.000 +0.000 -0.000 -0.001 -0.001 +0.000 +0.001 +0.001 -0.001 -0.000 -0.000 -0.000 +0.000 +0.001 +0.001 +0.000 -0.001 -0.002 -0.000 -0.001  | max|dJ| per (obj,frame)=0.029
  Carpark/v0: +0.000 +0.002 -0.001 +0.000 +0.001 +0.000 -0.000 +0.001 -0.001 -0.000 +0.001 -0.000 -0.002 -0.001 +0.001 -0.000 -0.000 +0.003 +0.000 +0.001 +0.002  | max|dJ| per (obj,frame)=0.047
  Fencing/v0: +0.000 +0.001 -0.001 -0.001 -0.000 -0.001 -0.012 -0.046 -0.017 -0.001 -0.001 -0.001 -0.001 -0.002 -0.002 +0.001 -0.002 +0.062 -0.002 +0.002 -0.002  | max|dJ| per (obj,frame)=0.488
  MATF/S1_CAM_1: +0.000 -0.001 -0.000 +0.000 -0.000 +0.004 +0.000 -0.001 -0.000 +0.000 +0.002 +0.001 -0.003 +0.001 +0.003 +0.001 +0.001 +0.003 +0.002 -0.001 +0.001  | max|dJ| per (obj,frame)=0.147
  Painter/v0: +0.000 +0.000 +0.000 +0.001 -0.002 +0.000 -0.000 +0.001 -0.000 -0.000 -0.002 -0.001 -0.000 +0.001 -0.000 +0.000 -0.001 +0.001 -0.009 -0.000 -0.001  | max|dJ| per (obj,frame)=0.179
  PoznanStreet/v0: +0.000 -0.001 -0.002 +0.000 +0.001 -0.000 +0.001 -0.001 +0.001 +0.003 -0.001 -0.001 -0.001 +0.002 -0.001 +0.001 +0.000 -0.002 +0.001 +0.000 -0.000  | max|dJ| per (obj,frame)=0.045
  Welder/camera_0001: +0.000 -0.000 +0.003 -0.002 -0.000 -0.001 -0.004 +0.000 +0.004 -0.011 +0.012 +0.000 +0.000 +0.000 +0.000 -0.001 +0.002 -0.001 -0.006 +0.008 +0.004  | max|dJ| per (obj,frame)=0.157
=== where does the OneStageNew gain come from: per-object J delta on Fencing v9, PoznanStreet v8/v4, Welder camera_0003
  Fencing/v9: objs=8 camera dJ=+0.0657 dF=+0.0889; top objects: id3(dJ+0.419,dF+0.652,area3380), id4(dJ+0.106,dF+0.058,area3532), id1(dJ-0.001,dF-0.000,area64032), id7(dJ+0.001,dF+0.000,area111006), id2(dJ+0.001,dF-0.000,area110628)
     per-frame dJ: +0.00 +0.00 +0.00 +0.00 -0.00 -0.00 +0.05 +0.09 +0.08 +0.14 +0.15 +0.08 +0.08 +0.08 +0.08 +0.08 +0.08 +0.07 +0.08 +0.17 +0.07
  PoznanStreet/v8: objs=24 camera dJ=+0.0288 dF=+0.0322; top objects: id2(dJ+0.681,dF+0.753,area10765), id5(dJ-0.011,dF+0.001,area4337), id18(dJ+0.011,dF+0.004,area5561), id24(dJ+0.008,dF+0.016,area30948), id4(dJ-0.006,dF+0.002,area2925)
     per-frame dJ: +0.00 -0.00 +0.03 +0.03 +0.04 +0.03 +0.04 +0.04 +0.04 +0.04 +0.04 +0.04 +0.04 +0.04 +0.04 +0.04 +0.04 +0.00 +0.00 +0.00 +0.04
  PoznanStreet/v4: objs=24 camera dJ=+0.0053 dF=+0.0076; top objects: id24(dJ+0.102,dF+0.137,area21202), id17(dJ+0.030,dF+0.048,area600), id6(dJ+0.004,dF+0.000,area5055), id11(dJ-0.003,dF-0.001,area6232), id4(dJ-0.003,dF+0.000,area3199)
     per-frame dJ: +0.00 +0.00 +0.00 +0.00 -0.00 -0.00 +0.00 +0.00 +0.00 +0.00 +0.00 +0.01 +0.00 +0.01 +0.00 +0.00 +0.01 +0.01 +0.01 +0.01 +0.04
  Welder/camera_0003: objs=16 camera dJ=+0.0107 dF=+0.0012; top objects: id4(dJ+0.138,dF+0.021,area1344), id14(dJ+0.019,dF+0.010,area8138), id8(dJ+0.014,dF+0.005,area8717), id3(dJ+0.013,dF+0.000,area17708), id5(dJ-0.007,dF-0.005,area47918)
     per-frame dJ: +0.00 +0.01 +0.01 +0.00 +0.00 -0.00 +0.01 -0.00 -0.00 +0.00 +0.02 +0.00 +0.03 +0.04 +0.03 +0.01 +0.02 +0.02 +0.00 +0.00 +0.02
  Blocks/cam9: objs=16 camera dJ=-0.0033 dF=+0.0003; top objects: id3(dJ-0.052,dF+0.006,area376), id22(dJ-0.003,dF+0.000,area10231), id12(dJ+0.002,dF+0.000,area2746), id13(dJ+0.001,dF+0.000,area20399), id8(dJ-0.001,dF-0.000,area942287)
     per-frame dJ: +0.00 -0.00 -0.01 +0.00 +0.00 -0.00 -0.01 -0.00 +0.00 -0.00 +0.01 +0.01 -0.02 -0.02 +0.01 -0.02 +0.00 +0.01 -0.01 +0.00 -0.02
=== SAM2 vs SAM3 on Welder / Fencing: per-camera J on non-empty GT frames only, and seed-frame J
  Welder/camera_0001 idx=0 * | skNew1: J0=0.975 J1-20=0.884 F1-20=0.961 | eStage: J0=0.979 J1-20=0.875 F1-20=0.962 | ageNew: J0=0.979 J1-20=0.875 F1-20=0.963
  Welder/camera_0003 idx=2   | skNew1: J0=0.810 J1-20=0.819 F1-20=0.862 | eStage: J0=0.815 J1-20=0.797 F1-20=0.903 | ageNew: J0=0.815 J1-20=0.809 F1-20=0.905
  Welder/camera_0004 idx=3   | skNew1: J0=0.858 J1-20=0.861 F1-20=0.872 | eStage: J0=0.701 J1-20=0.707 F1-20=0.785 | ageNew: J0=0.701 J1-20=0.707 F1-20=0.783
  Fencing/v0 idx=0 * | skNew1: J0=0.956 J1-20=0.890 F1-20=0.987 | eStage: J0=0.971 J1-20=0.794 F1-20=0.924 | ageNew: J0=0.971 J1-20=0.792 F1-20=0.920
  Fencing/v4 idx=4   | skNew1: J0=0.907 J1-20=0.892 F1-20=0.990 | eStage: J0=0.905 J1-20=0.900 F1-20=0.993 | ageNew: J0=0.905 J1-20=0.901 F1-20=0.992
  Fencing/v9 idx=9   | skNew1: J0=0.850 J1-20=0.857 F1-20=0.971 | eStage: J0=0.868 J1-20=0.797 F1-20=0.889 | ageNew: J0=0.868 J1-20=0.866 F1-20=0.983
=== dataset-level J&F recomputed three ways (12 ds): all frames / frames 1..20 only / non-ref cameras only
  SegMaskNew1              all=0.8449  frames1-20=0.8437  nonref-cams=0.8052
  SegMaskSam3OneStage      all=0.8465  frames1-20=0.8449  nonref-cams=0.8093
  SegMaskSam3OneStageNew   all=0.8497  frames1-20=0.8483  nonref-cams=0.8144
